// Jest Snapshot v1, https://goo.gl/fbAQLP

exports[`Button renders Button 1`] = `
<DocumentFragment>
  <button
    class="circle"
    type="button"
  />
</DocumentFragment>
`;
